SQL> CREATE TABLE DEPARTAMENTO
  2  (CD NUMBER(2) PRIMARY KEY,
  3  D VARCHAR(60));

Table created.

SQL> CREATE TABLE AREA
  2  (CAR NUMBER(3) PRIMARY KEY,
  3  AR VARCHAR2
  4  
SQL> 
SQL> DROP TABLE AREA;
DROP TABLE AREA
           *
ERROR at line 1:
ORA-00942: table or view does not exist 


SQL> DROP TABLE AREA;
DROP TABLE AREA
           *
ERROR at line 1:
ORA-00942: table or view does not exist 


SQL> DROP TABLE DEPARTAMENTO;

Table dropped.

SQL> CREATE TABLE DEPARTAMENTO
  2  (CD NUMBER(2) PRIMARY KEY,
  3  D VARCHAR2(60));

Table created.

SQL> CREATE TABLE AREA
  2  (CAR NUMBER(3) PRIMARY KEY,
  3  AR VARCHAR2(60),
  4  CD NUMBER(2) REFERENCES DEPARTAMENTO ON DELETE CASCADE);

Table created.

SQL> CREATE TABLE PROFESOR
  2  (DNI NUMBER(8) PRIMARY KEY,
  3  P VARCHAR(60),
  4  CAR NUMBER(3),
  5  P VARCHAR2(60),
  6  CAT VARCHAR2(5),
  7  FOREIGN KEY (CAR) REFERENCES AREA ON DELETE SET NULL);
P VARCHAR2(60),
*
ERROR at line 5:
ORA-00957: duplicate column name 


SQL> CREATE TABLE PROFESOR
  2  (DNI NUMBER(8) PRIMARY KEY,
  3  P VARCHAR2(60),
  4  CAR NUMBER(3),
  5  CAT VARCHAR2(5),
  6  FOREIGN KEY (CAR) REFERENCES AREA ON DELETE SET NULL);

Table created.

SQL> CREATE TABLE ASIGNATURA
  2  (CAS NUMBER(3) PRIMARY KEY,
  3  A VARCHAR2(50) NOT NULL,
  4  T CHAR(4) NOT NULL,
  5  CUR NUMBER(1) CHECK (CUR BETWEEN 1 AND 5),
  6  CAR NUMBER(3) REFERENCES AREA ON DELETE SET NULL,
  7  CT NUMBER(3,1) DEFAULT 0.0,
  8  CP NUMBER(3,1) DEFAULT 0.0,
  9  CL NUMBER(3,1) DEFAULT 0.0);

Table created.

SQL> CREATE TABLE PLAN_DOCENTE
  2  (DNI NUMBER(8),
  3  CAS NUMBER(3),
  4  CTA NUMBER(3,1) DEFAULT 0.0,
  5  CPA NUMBER(3,1) DEFAULT 0.0,
  6  CLA NUMBER(3,1) DEFAULT 0.0,
  7  FI DATE DEFAULT SYSDATE,
  8  FF DATE,
  9  PRIMARY KEY (DNI, CAS, FI),
 10  FOREIGN KEY (CAS) REFERENCES ASIGNATURA ON DELETE CASCADE,
 11  FOREIGN KEY (DNI) REFERENCES PROFESOR ON DELETE CASCADE,
 12  CONSTRAINT PD_CK1 CHECK (CTA + CPA + CLA > 0.0),
 13  CONSTRAINT PD_CK2 CHECK (FF >= FI));

Table created.

SQL> INSET INTO DEPARTAMENTO
SP2-0734: unknown command beginning "INSET INTO..." - rest of line ignored.
SQL> INSERT INTO DEPARTAMENTO
  2  VALUES(1, 'ANALISIS MATEMATICO'),
  3  VALUES(2, 'ASTROFISICA'),
  4  VALUES(3, 'ESTADISTICA, INVESTIGACION OPERATIVA Y COMPUTACION'),
  5  VALUES(4, 'MATEMATICA FUNDAMENTAL');
VALUES(1, 'ANALISIS MATEMATICO'),
                                *
ERROR at line 2:
ORA-00933: SQL command not properly ended 


SQL> INSERT INTO DEPARTAMENTO
  2  VALUES(1,'ANALISIS MATEMATICO');

1 row created.

SQL> INSERT INTO DEPARTAMENTO
  2  VALUES(2,'ASTROFISICA');

1 row created.

SQL> INSERT INTO DEPARTAMENTO
  2  VALUES(3,'ESTADISTICA, INVESTIGACION OPERATIVA Y COMPUTACION');

1 row created.

SQL> INSERT INTO DEPARTAMENTO
  2  VALUES(4,'MATEMATICA FUNDAMENTAL');

1 row created.

SQL> INSERT INTO AREA
  2  VALUES(1,'ALGEBRA',4);

1 row created.

SQL> INSERT INTO AREA
  2  VALUES(2,'ANALISIS MATEMATICO',1);

1 row created.

SQL> INSERT INTO AREA
  2  VALUES(3,'ASTRONOMIA Y ASTROFISICA',2);

1 row created.

SQL> INSERT INTO AREA
  2  VALUES(4,'CIENCIAS DE LA COMPUTACION E INTELIGENCIA ARTIFICIAL',3);

1 row created.

SQL> INSERT INTO AREA
  2  VALUES(4,'DIDACTICA DE LA MATEMATICA',1);
INSERT INTO AREA
*
ERROR at line 1:
ORA-00001: unique constraint (ALU0101364544.SYS_C00408097) violated 


SQL> INSERT INTO AREA
  2  VALUES(5,'DIDACTIVA DE LA MATEMATICA',1);

1 row created.

SQL> INSERT INTO AREA
  2  VALUES(6,'ESTADISTICA E INVESTIGACION OPERATIVA',3);

1 row created.

SQL> INSERT INTO AREA
  2  VALUES(7,'LENGUAJES Y SISTEMAS INFORMATICOS',3);

1 row created.

SQL> INSERT INTO AREA
  2  VALUES(8,'MATEMATICA APLICADA',1);

1 row created.

SQL> spool off
SQL> INSERT INTO PROFESOR
  2  VALUES(1111,'JUAN',6'CU');
VALUES(1111,'JUAN',6'CU')
                    *
ERROR at line 2:
ORA-00917: missing comma 


SQL> INSERT INTO PROFESOR
  2  VALUES(1111,'JUAN',6,'CU');

1 row created.

SQL> INSERT INTO PROFESOR
  2  VALUES(2222,'CARLOS',7,'TU');

1 row created.

SQL> INSERT INTO PROFESOR
  2  VALUES(3333,'PEDRO',4,'TEU');

1 row created.

SQL> INSERT INTO PROFESOR
  2  VALUES(4444,'MARIA',7,'TU');

1 row created.

SQL> INSERT INTO PROFESOR
  2  VALUES(5555,'IVAN',1,'CEU');

1 row created.

SQL> INSERT INTO PROFESOR
  2  VALUES(6666,'CARMEN',3,'CD');

1 row created.

SQL> INSERT INTO PROFESOR
  2  VALUES(7777,'MARIO',2,'TU');

1 row created.

SQL> VALUES(8888,'FRANCISCO',5,'TU');
SP2-0734: unknown command beginning "VALUES(888..." - rest of line ignored.
SQL> INSERT INTO PROFESOR
  2  VALUES(8888,'FRANCISCO',5,'TU');

1 row created.

SQL> INSERT INTO PROFESOR
  2  VALUES(9999,'ANGELA',8,'TEU);
ERROR:
ORA-01756: quoted string not properly terminated 


SQL> INSERT INTO PROFESOR
  2  VALUES(9999,'ANGELA',8,'TEU');

1 row created.

SQL> INSERT INTO PROFESOR
  2  VALUES(1010,'DAVID',4,'TU');

1 row created.

SQL> INSERT INTO PROFESOR
  2  VALUES(2020,SOLEDAD,7,'CU');
VALUES(2020,SOLEDAD,7,'CU')
            *
ERROR at line 2:
ORA-00984: column not allowed here 


SQL> INSERT INTO PROFESOR
  2  VALUES(2020,'SOLEDAD',7,'CU');

1 row created.

SQL> INSERT INTO PROFESOR
  2  VALUES(3030,'JOSE MANUEL',6,'TEU');

1 row created.

SQL> spool off
SQL> INSERT INTO ASIGNATURA
  2  VALUES(1,'BASE DE DATOS','GII',3,7,3,1.5,1.5);

1 row created.

SQL> COMMIT
  2  ;

Commit complete.

SQL> INSERT INTO ASIGNATURA
  2  VALUES(2,'INTELIGENCIA ARTIFICIAL','GII',3,4,1.5,1.5,3);

1 row created.

SQL> exit